Microchip MPLAB XC8 Compiler V1.41 ()

Linker command line:

-W-3 --edf=C:\Program Files (x86)\Microchip\xc8\v1.41\dat\en_msgs.txt -cs \
  -h+dist/default/production\LCD.X.production.sym \
  --cmf=dist/default/production\LCD.X.production.cmf -z -Q18F6490 \
  -oC:\Users\DAVID_~1\AppData\Local\Temp\sbcs.2 \
  -Mdist/default/production/LCD.X.production.map -E1 -ver=XC8 \
  -ASTACK=060h-02ffh -pstack=STACK -ACODE=00h-03FFFh -ACONST=00h-03FFFh \
  -ASMALLCONST=0300h-03FFhx61 -AMEDIUMCONST=0300h-03FFFh -ACOMRAM=01h-05Fh \
  -AABS1=00h-02FFh -ABIGRAM=01h-02FFh -ARAM=060h-0FFh,0100h-01FFhx2 \
  -ABANK0=060h-0FFh -ABANK1=0100h-01FFh -ABANK2=0200h-02FFh \
  -ASFR=0F58h-0F5Fh,0F60h-0FFFh \
  -preset_vec=00h,intcode,intcodelo,powerup,init -pramtop=0300h \
  -psmallconst=SMALLCONST -pmediumconst=MEDIUMCONST -pconst=CONST \
  -AFARRAM=00h-00h -ACONFIG=0300000h-030000Dh -pconfig=CONFIG \
  -AIDLOC=0200000h-0200007h -pidloc=IDLOC \
  -prdata=COMRAM,nvrram=COMRAM,nvbit=COMRAM,rbss=COMRAM,rbit=COMRAM \
  -pfarbss=FARRAM,fardata=FARRAM,nvFARRAM=FARRAM \
  -pintsave_regs=BIGRAM,bigbss=BIGRAM,bigdata=BIGRAM -pbss=RAM \
  -pidata=CODE,irdata=CODE,ibigdata=CODE,ifardata=CODE -prparam=COMRAM \
  C:\Users\DAVID_~1\AppData\Local\Temp\sbcs.obj \
  dist/default/production\LCD.X.production.obj 

Object code version is 3.11

Machine type is 18F6490

Call graph: (short form)




                Name                               Link     Load   Length Selector   Space Scale
C:\Users\DAVID_~1\AppData\Local\Temp\sbcs.obj
                init                                  0        0        4        0       0
                idloc                            200000   200000        8   200000       0
                config                           300000   300000        A   300000       0
dist/default/production\LCD.X.production.obj
                smallconst                          300      300       32      180       0
                text9                               650      650       34      199       0
                text8                               684      684       1E      199       0
                text7                               45A      45A       60      199       0
                text6                               60C      60C       44      199       0
                text5                               3F2      3F2       68      199       0
                text4                               56C      56C       52      199       0
                text3                               4BA      4BA       5A      199       0
                text2                               5BE      5BE       4E      199       0
                text1                               514      514       58      199       0
                text0                               332      332       C0      199       0
                cstackCOMRAM                          1        1       12        1       1
                cinit                               6A2      6A2        E      199       0

TOTAL           Name                               Link     Load   Length     Space
        CLASS   STACK          

        CLASS   CODE           
                init                                  0        0        4         0
                text9                               650      650       34         0
                text8                               684      684       1E         0
                text7                               45A      45A       60         0
                text6                               60C      60C       44         0
                text5                               3F2      3F2       68         0
                text4                               56C      56C       52         0
                text3                               4BA      4BA       5A         0
                text2                               5BE      5BE       4E         0
                text1                               514      514       58         0
                text0                               332      332       C0         0
                cinit                               6A2      6A2        E         0

        CLASS   CONST          

        CLASS   SMALLCONST     
                smallconst                          300      300       32         0

        CLASS   MEDIUMCONST    

        CLASS   COMRAM         
                cstackCOMRAM                          1        1       12         1

        CLASS   ABS1           

        CLASS   BIGRAM         

        CLASS   RAM            

        CLASS   BANK0          

        CLASS   BANK1          

        CLASS   BANK2          

        CLASS   SFR            

        CLASS   FARRAM         

        CLASS   CONFIG         
                config                           300000   300000        A         0

        CLASS   IDLOC          
                idloc                            200000   200000        8         0



SEGMENTS        Name                           Load    Length   Top    Selector   Space  Class

                reset_vec                      000000  000004  000004         0       0  CODE    
                cstackCOMRAM                   000001  000012  000013         1       1  COMRAM  
                smallconst                     000300  000032  000332       180       0  SMALLCON
                text0                          000332  00037E  0006B0       199       0  CODE    
                idloc                          200000  000008  200008    200000       0  IDLOC   
                config                         300000  00000A  30000A    300000       0  CONFIG  


UNUSED ADDRESS RANGES

        Name                Unused          Largest block    Delta
        BANK0            000060-0000FF               A0
        BANK1            000100-0001FF              100
        BANK2            000200-0002FF              100
        BIGRAM           000013-0002FF              2ED
        CODE             000004-0002FF              2FC
                         0006B0-003FFF             3950
        COMRAM           000013-00005F               4D
        CONFIG           30000A-30000D                4
        CONST            000004-0002FF              2FC
                         0006B0-003FFF             3950
        MEDIUMCONST      0006B0-003FFF             3950
        RAM              000060-0002FF              100
        SFR              000F58-000FFF                8
        SMALLCONST       0006B0-003FFF              100
        STACK            000060-0002FF              2A0

                                  Symbol Table

Delay_Seconds@x          cstackCOMRAM 000004
Delay_Seconds@y          cstackCOMRAM 000003
Delay_Seconds@z          cstackCOMRAM 000002
LCDGoto@ln               cstackCOMRAM 00000E
LCDGoto@pos              cstackCOMRAM 00000C
LCDPutChar@ch            cstackCOMRAM 000008
LCDPutCmd@ch             cstackCOMRAM 000008
LCDPutStr@i              cstackCOMRAM 000010
LCDPutStr@str            cstackCOMRAM 00000C
LCDWriteNibble@ch        cstackCOMRAM 000001
LCDWriteNibble@rs        cstackCOMRAM 000003
OpenI2C@slew             cstackCOMRAM 000001
OpenI2C@sync_mode        cstackCOMRAM 000002
_ADCON1                  (abs)        000FC1
_Delay_Seconds           text9        000650
_INTCONbits              (abs)        000FF2
_Init                    text7        00045A
_LCDCON                  (abs)        000F59
_LCDGoto                 text4        00056C
_LCDGoto$221             cstackCOMRAM 000011
_LCDPS                   (abs)        000F58
_LCDPutChar              text3        0004BA
_LCDPutCmd               text5        0003F2
_LCDPutStr               text2        0005BE
_LCDSE0                  (abs)        000F5A
_LCDSE1                  (abs)        000F5B
_LCDSE2                  (abs)        000F5C
_LCDSE3                  (abs)        000F5D
_LCDWriteNibble          text6        00060C
_LCD_Initialize          text1        000514
_OSCCON                  (abs)        000FD3
_OpenI2C                 text8        000684
_PORTA                   (abs)        000F80
_PORTB                   (abs)        000F81
_PORTC                   (abs)        000F82
_PORTD                   (abs)        000F83
_PORTDbits               (abs)        000F83
_SSPADD                  (abs)        000FC8
_SSPCON1                 (abs)        000FC6
_SSPCON2                 (abs)        000FC5
_SSPSTAT                 (abs)        000FC7
_T0CON                   (abs)        000FD5
_T0CONbits               (abs)        000FD5
_TMR0H                   (abs)        000FD7
_TMR0L                   (abs)        000FD6
_TRISA                   (abs)        000F92
_TRISB                   (abs)        000F93
_TRISC                   (abs)        000F94
_TRISCbits               (abs)        000F94
_TRISD                   (abs)        000F95
_TRISG                   (abs)        000F98
__CFG_BOREN$OFF          (abs)        000000
__CFG_BORV$3             (abs)        000000
__CFG_CP$OFF             (abs)        000000
__CFG_FCMEN$OFF          (abs)        000000
__CFG_IESO$OFF           (abs)        000000
__CFG_MCLRE$ON           (abs)        000000
__CFG_OSC$INTIO7         (abs)        000000
__CFG_PWRT$OFF           (abs)        000000
__CFG_STVREN$OFF         (abs)        000000
__CFG_WDT$OFF            (abs)        000000
__CFG_XINST$OFF          (abs)        000000
__HRAM                   (abs)        000000
__Habs1                  abs1         000000
__Hbank0                 bank0        000000
__Hbank1                 bank1        000000
__Hbank2                 bank2        000000
__Hbigbss                bigbss       000000
__Hbigdata               bigdata      000000
__Hbigram                bigram       000000
__Hbss                   bss          000000
__Hcinit                 cinit        000000
__Hclrtext               clrtext      000000
__Hcomram                comram       000000
__Hconfig                config       30000A
__Hconst                 const        000000
__HcstackCOMRAM          cstackCOMRAM 000000
__Hdata                  data         000000
__Hfarbss                farbss       000000
__Hfardata               fardata      000000
__Hibigdata              ibigdata     000000
__Hidata                 idata        000000
__Hidloc                 idloc        200008
__Hifardata              ifardata     000000
__Hinit                  init         000004
__Hintcode               intcode      000000
__Hintcode_body          intcode_body 000000
__Hintcodelo             intcodelo    000000
__Hintentry              intentry     000000
__Hintret                intret       000000
__Hintsave_regs          intsave_regs 000000
__Hirdata                irdata       000000
__Hmediumconst           mediumconst  000000
__HnvFARRAM              nvFARRAM     000000
__Hnvbit                 nvbit        000000
__Hnvrram                nvrram       000000
__Hparam                 rparam       000000
__Hpowerup               powerup      000000
__Hram                   ram          000000
__Hramtop                ramtop       000300
__Hrbit                  rbit         000000
__Hrbss                  rbss         000000
__Hrdata                 rdata        000000
__Hreset_vec             reset_vec    000000
__Hrparam                rparam       000000
__Hsfr                   sfr          000000
__Hsmallconst            smallconst   000332
__Hspace_0               (abs)        30000A
__Hspace_1               (abs)        000013
__Hspace_2               (abs)        000000
__Hstack                 stack        000000
__Hstruct                struct       000000
__Htemp                  temp         000000
__Htext                  text         000000
__Htext0                 text0        000000
__Htext1                 text1        000000
__Htext2                 text2        000000
__Htext3                 text3        000000
__Htext4                 text4        000000
__Htext5                 text5        000000
__Htext6                 text6        000000
__Htext7                 text7        000000
__Htext8                 text8        000000
__Htext9                 text9        000000
__LRAM                   (abs)        000001
__Labs1                  abs1         000000
__Lbank0                 bank0        000000
__Lbank1                 bank1        000000
__Lbank2                 bank2        000000
__Lbigbss                bigbss       000000
__Lbigdata               bigdata      000000
__Lbigram                bigram       000000
__Lbss                   bss          000000
__Lcinit                 cinit        000000
__Lclrtext               clrtext      000000
__Lcomram                comram       000000
__Lconfig                config       300000
__Lconst                 const        000000
__LcstackCOMRAM          cstackCOMRAM 000000
__Ldata                  data         000000
__Lfarbss                farbss       000000
__Lfardata               fardata      000000
__Libigdata              ibigdata     000000
__Lidata                 idata        000000
__Lidloc                 idloc        200000
__Lifardata              ifardata     000000
__Linit                  init         000000
__Lintcode               intcode      000000
__Lintcode_body          intcode_body 000000
__Lintcodelo             intcodelo    000000
__Lintentry              intentry     000000
__Lintret                intret       000000
__Lintsave_regs          intsave_regs 000000
__Lirdata                irdata       000000
__Lmediumconst           mediumconst  000000
__LnvFARRAM              nvFARRAM     000000
__Lnvbit                 nvbit        000000
__Lnvrram                nvrram       000000
__Lparam                 rparam       000000
__Lpowerup               powerup      000000
__Lram                   ram          000000
__Lramtop                ramtop       000300
__Lrbit                  rbit         000000
__Lrbss                  rbss         000000
__Lrdata                 rdata        000000
__Lreset_vec             reset_vec    000000
__Lrparam                rparam       000000
__Lsfr                   sfr          000000
__Lsmallconst            smallconst   000300
__Lspace_0               (abs)        000000
__Lspace_1               (abs)        000000
__Lspace_2               (abs)        000000
__Lstack                 stack        000000
__Lstruct                struct       000000
__Ltemp                  temp         000000
__Ltext                  text         000000
__Ltext0                 text0        000000
__Ltext1                 text1        000000
__Ltext2                 text2        000000
__Ltext3                 text3        000000
__Ltext4                 text4        000000
__Ltext5                 text5        000000
__Ltext6                 text6        000000
__Ltext7                 text7        000000
__Ltext8                 text8        000000
__Ltext9                 text9        000000
__S0                     (abs)        30000A
__S1                     (abs)        000013
__S2                     (abs)        000000
___extmem_base           (abs)        002000
___inthi_sp              stack        000000
___intlo_sp              stack        000000
___param_bank            (abs)        000000
___rparam_used           (abs)        000001
___sp                    stack        000000
__accesstop              (abs)        000060
__activetblptr           (abs)        000001
__end_of_Delay_Seconds   text9        000684
__end_of_Init            text7        0004BA
__end_of_LCDGoto         text4        0005BE
__end_of_LCDPutChar      text3        000514
__end_of_LCDPutCmd       text5        00045A
__end_of_LCDPutStr       text2        00060C
__end_of_LCDWriteNibble  text6        000650
__end_of_LCD_Initialize  text1        00056C
__end_of_OpenI2C         text8        0006A2
__end_of__initialization cinit        0006A2
__end_of_main            text0        0003F2
__initialization         cinit        0006A2
__mediumconst            mediumconst  000000
__pcinit                 cinit        0006A2
__pcstackCOMRAM          cstackCOMRAM 000001
__psmallconst            smallconst   000300
__ptext0                 text0        000332
__ptext1                 text1        000514
__ptext2                 text2        0005BE
__ptext3                 text3        0004BA
__ptext4                 text4        00056C
__ptext5                 text5        0003F2
__ptext6                 text6        00060C
__ptext7                 text7        00045A
__ptext8                 text8        000684
__ptext9                 text9        000650
__ramtop                 ramtop       000300
__size_of_Delay_Seconds  (abs)        000000
__size_of_Init           (abs)        000000
__size_of_LCDGoto        (abs)        000000
__size_of_LCDPutChar     (abs)        000000
__size_of_LCDPutCmd      (abs)        000000
__size_of_LCDPutStr      (abs)        000000
__size_of_LCDWriteNibble (abs)        000000
__size_of_LCD_Initialize (abs)        000000
__size_of_OpenI2C        (abs)        000000
__size_of_main           (abs)        000000
__smallconst             smallconst   000300
_main                    text0        000332
end_of_initialization    cinit        0006A2
intlevel0                text         000000
intlevel1                text         000000
intlevel2                text         000000
intlevel3                text         000000
stackhi                  (abs)        0002FF
stacklo                  (abs)        000060
start                    init         000000
start_initialization     cinit        0006A2


FUNCTION INFORMATION:

 *************** function _main *****************
 Defined at:
		line 98 in file "LCDmain.c"
 Parameters:    Size  Location     Type
		None
 Auto vars:     Size  Location     Type
		None
 Return value:  Size  Location     Type
                  1    wreg      void 
 Registers used:
		wreg, status,2, status,0, tblptrl, tblptrh, tblptru, cstack
 Tracked objects:
		On entry : 
		On exit  : 
		Unchanged: 
 Data sizes:     COMRAM   BANK0   BANK1   BANK2
      Params:         0       0       0       0
      Locals:         0       0       0       0
      Temps:          0       0       0       0
      Totals:         0       0       0       0
Total ram usage:        0 bytes
 Hardware stack levels required when called:    3
 This function calls:
		_Delay_Seconds
		_Init
		_LCDGoto
		_LCDPutChar
		_LCDPutCmd
		_LCDPutStr
		_LCD_Initialize
 This function is called by:
		Startup code after reset
 This function uses a non-reentrant model


 *************** function _LCD_Initialize *****************
 Defined at:
		line 217 in file "lcd.h"
 Parameters:    Size  Location     Type
		None
 Auto vars:     Size  Location     Type
		None
 Return value:  Size  Location     Type
                  1    wreg      void 
 Registers used:
		wreg, status,2, status,0, cstack
 Tracked objects:
		On entry : 
		On exit  : 
		Unchanged: 
 Data sizes:     COMRAM   BANK0   BANK1   BANK2
      Params:         0       0       0       0
      Locals:         0       0       0       0
      Temps:          1       0       0       0
      Totals:         1       0       0       0
Total ram usage:        1 bytes
 Hardware stack levels used:    1
 Hardware stack levels required when called:    2
 This function calls:
		_LCDPutCmd
 This function is called by:
		_main
 This function uses a non-reentrant model


 *************** function _LCDPutStr *****************
 Defined at:
		line 306 in file "lcd.h"
 Parameters:    Size  Location     Type
  str             2   11[COMRAM] PTR const unsigned char 
		 -> STR_3(17), STR_2(15), STR_1(15), 
 Auto vars:     Size  Location     Type
  i               2   15[COMRAM] int 
 Return value:  Size  Location     Type
                  1    wreg      void 
 Registers used:
		wreg, status,2, status,0, tblptrl, tblptrh, tblptru, cstack
 Tracked objects:
		On entry : 
		On exit  : 
		Unchanged: 
 Data sizes:     COMRAM   BANK0   BANK1   BANK2
      Params:         2       0       0       0
      Locals:         2       0       0       0
      Temps:          2       0       0       0
      Totals:         6       0       0       0
Total ram usage:        6 bytes
 Hardware stack levels used:    1
 Hardware stack levels required when called:    2
 This function calls:
		_LCDPutChar
 This function is called by:
		_main
 This function uses a non-reentrant model


 *************** function _LCDPutChar *****************
 Defined at:
		line 274 in file "lcd.h"
 Parameters:    Size  Location     Type
  ch              2    7[COMRAM] int 
 Auto vars:     Size  Location     Type
		None
 Return value:  Size  Location     Type
                  1    wreg      void 
 Registers used:
		wreg, status,2, status,0, cstack
 Tracked objects:
		On entry : 
		On exit  : 
		Unchanged: 
 Data sizes:     COMRAM   BANK0   BANK1   BANK2
      Params:         2       0       0       0
      Locals:         0       0       0       0
      Temps:          2       0       0       0
      Totals:         4       0       0       0
Total ram usage:        4 bytes
 Hardware stack levels used:    1
 Hardware stack levels required when called:    1
 This function calls:
		_LCDWriteNibble
 This function is called by:
		_LCDPutStr
		_main
 This function uses a non-reentrant model


 *************** function _LCDGoto *****************
 Defined at:
		line 319 in file "lcd.h"
 Parameters:    Size  Location     Type
  pos             2   11[COMRAM] int 
  ln              2   13[COMRAM] int 
 Auto vars:     Size  Location     Type
		None
 Return value:  Size  Location     Type
                  1    wreg      void 
 Registers used:
		wreg, status,2, status,0, cstack
 Tracked objects:
		On entry : 
		On exit  : 
		Unchanged: 
 Data sizes:     COMRAM   BANK0   BANK1   BANK2
      Params:         4       0       0       0
      Locals:         2       0       0       0
      Temps:          1       0       0       0
      Totals:         7       0       0       0
Total ram usage:        7 bytes
 Hardware stack levels used:    1
 Hardware stack levels required when called:    2
 This function calls:
		_LCDPutCmd
 This function is called by:
		_main
 This function uses a non-reentrant model


 *************** function _LCDPutCmd *****************
 Defined at:
		line 289 in file "lcd.h"
 Parameters:    Size  Location     Type
  ch              2    7[COMRAM] int 
 Auto vars:     Size  Location     Type
		None
 Return value:  Size  Location     Type
                  1    wreg      void 
 Registers used:
		wreg, status,2, status,0, cstack
 Tracked objects:
		On entry : 
		On exit  : 
		Unchanged: 
 Data sizes:     COMRAM   BANK0   BANK1   BANK2
      Params:         2       0       0       0
      Locals:         0       0       0       0
      Temps:          2       0       0       0
      Totals:         4       0       0       0
Total ram usage:        4 bytes
 Hardware stack levels used:    1
 Hardware stack levels required when called:    1
 This function calls:
		_LCDWriteNibble
 This function is called by:
		_LCD_Initialize
		_LCDGoto
		_main
 This function uses a non-reentrant model


 *************** function _LCDWriteNibble *****************
 Defined at:
		line 247 in file "lcd.h"
 Parameters:    Size  Location     Type
  ch              2    0[COMRAM] int 
  rs              2    2[COMRAM] int 
 Auto vars:     Size  Location     Type
		None
 Return value:  Size  Location     Type
                  1    wreg      void 
 Registers used:
		wreg, status,2, status,0
 Tracked objects:
		On entry : 
		On exit  : 
		Unchanged: 
 Data sizes:     COMRAM   BANK0   BANK1   BANK2
      Params:         4       0       0       0
      Locals:         0       0       0       0
      Temps:          3       0       0       0
      Totals:         7       0       0       0
Total ram usage:        7 bytes
 Hardware stack levels used:    1
 This function calls:
		Nothing
 This function is called by:
		_LCDPutChar
		_LCDPutCmd
 This function uses a non-reentrant model


 *************** function _Init *****************
 Defined at:
		line 49 in file "LCDmain.c"
 Parameters:    Size  Location     Type
		None
 Auto vars:     Size  Location     Type
  i               2    0        int 
 Return value:  Size  Location     Type
                  1    wreg      void 
 Registers used:
		wreg, status,2, status,0, cstack
 Tracked objects:
		On entry : 
		On exit  : 
		Unchanged: 
 Data sizes:     COMRAM   BANK0   BANK1   BANK2
      Params:         0       0       0       0
      Locals:         0       0       0       0
      Temps:          0       0       0       0
      Totals:         0       0       0       0
Total ram usage:        0 bytes
 Hardware stack levels used:    1
 Hardware stack levels required when called:    1
 This function calls:
		_OpenI2C
 This function is called by:
		_main
 This function uses a non-reentrant model


 *************** function _OpenI2C *****************
 Defined at:
		line 14 in file "C:\Program Files (x86)\Microchip\xc8\v1.41\sources\pic18\plib\i2c\i2c_open.c"
 Parameters:    Size  Location     Type
  sync_mode       1    wreg     unsigned char 
  slew            1    0[COMRAM] unsigned char 
 Auto vars:     Size  Location     Type
  sync_mode       1    1[COMRAM] unsigned char 
 Return value:  Size  Location     Type
                  1    wreg      void 
 Registers used:
		wreg, status,2, status,0
 Tracked objects:
		On entry : 
		On exit  : 
		Unchanged: 
 Data sizes:     COMRAM   BANK0   BANK1   BANK2
      Params:         1       0       0       0
      Locals:         1       0       0       0
      Temps:          0       0       0       0
      Totals:         2       0       0       0
Total ram usage:        2 bytes
 Hardware stack levels used:    1
 This function calls:
		Nothing
 This function is called by:
		_Init
 This function uses a non-reentrant model


 *************** function _Delay_Seconds *****************
 Defined at:
		line 90 in file "LCDmain.c"
 Parameters:    Size  Location     Type
  z               1    wreg     unsigned char 
 Auto vars:     Size  Location     Type
  z               1    1[COMRAM] unsigned char 
  x               1    3[COMRAM] unsigned char 
  y               1    2[COMRAM] unsigned char 
 Return value:  Size  Location     Type
                  1    wreg      void 
 Registers used:
		wreg, status,2, status,0
 Tracked objects:
		On entry : 
		On exit  : 
		Unchanged: 
 Data sizes:     COMRAM   BANK0   BANK1   BANK2
      Params:         0       0       0       0
      Locals:         3       0       0       0
      Temps:          1       0       0       0
      Totals:         4       0       0       0
Total ram usage:        4 bytes
 Hardware stack levels used:    1
 This function calls:
		Nothing
 This function is called by:
		_main
 This function uses a non-reentrant model



MODULE INFORMATION

Module		Function		Class		Link	Load	Size
shared
		__initialization		CODE           	06A2	0000	1

shared estimated size: 1

LCDmain.c
		_main          		CODE           	0332	0000	193
		_Delay_Seconds 		CODE           	0650	0000	53
		_Init          		CODE           	045A	0000	97

LCDmain.c estimated size: 343

lcd.h
		_LCDPutCmd     		CODE           	03F2	0000	105
		_LCDPutStr     		CODE           	05BE	0000	79
		_LCDPutChar    		CODE           	04BA	0000	91
		_LCD_Initialize		CODE           	0514	0000	89
		_LCDWriteNibble		CODE           	060C	0000	69
		_LCDGoto       		CODE           	056C	0000	83

lcd.h estimated size: 516

C:\Program Files (x86)\Microchip\xc8\v1.41\sources\pic18\plib\i2c\i2c_open.c
		_OpenI2C       		CODE           	0684	0000	31

C:\Program Files (x86)\Microchip\xc8\v1.41\sources\pic18\plib\i2c\i2c_open.c estimated size: 31

