Microchip MPLAB XC8 Compiler V1.38 ()

Linker command line:

-W-3 --edf=C:\Program Files (x86)\Microchip\xc8\v1.38\dat\en_msgs.txt -cs \
  -h+dist/default/production\FMProject.X.production.sym \
  --cmf=dist/default/production\FMProject.X.production.cmf -z -Q18F6490 \
  -oC:\Users\Miro\AppData\Local\Temp\s8cc.2 \
  -Mdist/default/production/FMProject.X.production.map -E1 -ver=XC8 \
  -ASTACK=060h-02ffh -pstack=STACK -ACODE=00h-03FFFh -ACONST=00h-03FFFh \
  -ASMALLCONST=0300h-03FFhx61 -AMEDIUMCONST=0300h-03FFFh -ACOMRAM=01h-05Fh \
  -AABS1=00h-02FFh -ABIGRAM=01h-02FFh -ARAM=060h-0FFh,0100h-01FFhx2 \
  -ABANK0=060h-0FFh -ABANK1=0100h-01FFh -ABANK2=0200h-02FFh \
  -ASFR=0F58h-0F5Fh,0F60h-0FFFh \
  -preset_vec=00h,intcode,intcodelo,powerup,init,end_init -pramtop=0300h \
  -psmallconst=SMALLCONST -pmediumconst=MEDIUMCONST -pconst=CONST \
  -AFARRAM=00h-00h -ACONFIG=0300000h-030000Dh -pconfig=CONFIG \
  -AIDLOC=0200000h-0200007h -pidloc=IDLOC \
  -prdata=COMRAM,nvrram=COMRAM,nvbit=COMRAM,rbss=COMRAM,rbit=COMRAM \
  -pfarbss=FARRAM,fardata=FARRAM,nvFARRAM=FARRAM \
  -pintsave_regs=BIGRAM,bigbss=BIGRAM,bigdata=BIGRAM -pbss=RAM \
  -pidata=CODE,irdata=CODE,ibigdata=CODE,ifardata=CODE -prparam=COMRAM \
  C:\Users\Miro\AppData\Local\Temp\s8cc.obj \
  dist/default/production\FMProject.X.production.obj 

Object code version is 3.11

Machine type is 18F6490

Call graph: (short form)




                Name                               Link     Load   Length Selector   Space Scale
C:\Users\Miro\AppData\Local\Temp\s8cc.obj
                end_init                              0        0        4        0       0
                idloc                            200000   200000        8   200000       0
                config                           300000   300000        A   300000       0
dist/default/production\FMProject.X.production.obj
                smallconst                          300      300       3A      180       0
                text22                              A9A      A9A       1C      19D       0
                text21                              ACC      ACC       12      19D       0
                text20                              90C      90C       5E      19D       0
                text19                              4CA      4CA       CA      19D       0
                text18                              96A      96A       46      19D       0
                text17                              7B8      7B8       82      19D       0
                text16                              9B0      9B0       32      19D       0
                text15                              AF2      AF2        2      19D       0
                text14                              594      594       C6      19D       0
                text13                              ADE      ADE       10      19D       0
                text12                              A7C      A7C       1E      19D       0
                text11                              8AC      8AC       60      19D       0
                text10                              AF0      AF0        2      19D       0
                text9                               9E2      9E2       22      19D       0
                text8                               65A      65A       B8      19D       0
                text7                               A5E      A5E       1E      19D       0
                text6                               A40      A40       1E      19D       0
                text5                               33A      33A      190      19D       0
                text4                               AEE      AEE        2      19D       0
                text3                               83A      83A       72      19D       0
                text2                               A22      A22       1E      19D       0
                text1                               A04      A04       1E      19D       0
                text0                               712      712       A6      19D       0
                cstackCOMRAM                          1        1       33        1       1
                bssCOMRAM                            34       34       24        1       1
                cinit                               AB6      AB6       16      19D       0

TOTAL           Name                               Link     Load   Length     Space
        CLASS   STACK          

        CLASS   CODE           
                end_init                              0        0        4         0
                text22                              A9A      A9A       1C         0
                text21                              ACC      ACC       12         0
                text20                              90C      90C       5E         0
                text19                              4CA      4CA       CA         0
                text18                              96A      96A       46         0
                text17                              7B8      7B8       82         0
                text16                              9B0      9B0       32         0
                text15                              AF2      AF2        2         0
                text14                              594      594       C6         0
                text13                              ADE      ADE       10         0
                text12                              A7C      A7C       1E         0
                text11                              8AC      8AC       60         0
                text10                              AF0      AF0        2         0
                text9                               9E2      9E2       22         0
                text8                               65A      65A       B8         0
                text7                               A5E      A5E       1E         0
                text6                               A40      A40       1E         0
                text5                               33A      33A      190         0
                text4                               AEE      AEE        2         0
                text3                               83A      83A       72         0
                text2                               A22      A22       1E         0
                text1                               A04      A04       1E         0
                text0                               712      712       A6         0
                cinit                               AB6      AB6       16         0

        CLASS   CONST          

        CLASS   SMALLCONST     
                smallconst                          300      300       3A         0

        CLASS   MEDIUMCONST    

        CLASS   COMRAM         
                cstackCOMRAM                          1        1       33         1
                bssCOMRAM                            34       34       24         1

        CLASS   ABS1           

        CLASS   BIGRAM         

        CLASS   RAM            

        CLASS   BANK0          

        CLASS   BANK1          

        CLASS   BANK2          

        CLASS   SFR            

        CLASS   FARRAM         

        CLASS   CONFIG         
                config                           300000   300000        A         0

        CLASS   IDLOC          
                idloc                            200000   200000        8         0



SEGMENTS        Name                           Load    Length   Top    Selector   Space  Class

                reset_vec                      000000  000004  000004         0       0  CODE    
                cstackCOMRAM                   000001  000057  000058         1       1  COMRAM  
                smallconst                     000300  00003A  00033A       180       0  SMALLCON
                text5                          00033A  0007BA  000AF4       19D       0  CODE    
                idloc                          200000  000008  200008    200000       0  IDLOC   
                config                         300000  00000A  30000A    300000       0  CONFIG  


UNUSED ADDRESS RANGES

        Name                Unused          Largest block    Delta
        BANK0            000060-0000FF               A0
        BANK1            000100-0001FF              100
        BANK2            000200-0002FF              100
        BIGRAM           000058-0002FF              2A8
        CODE             000004-0002FF              2FC
                         000AF4-003FFF             350C
        COMRAM           000058-00005F                8
        CONFIG           30000A-30000D                4
        CONST            000004-0002FF              2FC
                         000AF4-003FFF             350C
        MEDIUMCONST      000AF4-003FFF             350C
        RAM              000060-0002FF              100
        SFR              000F58-000FFF                8
        SMALLCONST       000AF4-003FFF              100
        STACK            000060-0002FF              2A0

                                  Symbol Table

?_butnEvent               cstackCOMRAM 000001
FMfrequenc@cn             cstackCOMRAM 000018
FMfrequenc@dat            cstackCOMRAM 00001A
FMfrequenc@f              cstackCOMRAM 000012
FMinit@ad                 cstackCOMRAM 000014
FMinit@dat                cstackCOMRAM 000012
FMread@data               cstackCOMRAM 000003
FMread@firstByt           cstackCOMRAM 00000A
FMread@regAddr            cstackCOMRAM 000009
FMread@secndByt           cstackCOMRAM 00000B
FMready@rdy               cstackCOMRAM 00000C
FMready@sts               cstackCOMRAM 000010
FMvers@vsn                cstackCOMRAM 00000C
FMwrite@adr               cstackCOMRAM 000007
FMwrite@firstByt          cstackCOMRAM 000005
FMwrite@secndByt          cstackCOMRAM 000006
OpenI2C@slew              cstackCOMRAM 000001
OpenI2C@sync_mode         cstackCOMRAM 000002
WriteI2C@data_out         cstackCOMRAM 000002
_ADCON1                   (abs)        000FC1
_FMfrequenc               text3        00083A
_FMinit                   text14       000594
_FMread                   text19       0004CA
_FMready                  text18       00096A
_FMvers                   text13       000ADE
_FMwrite                  text17       0007B8
_INTCONbits               (abs)        000FF2
_IdleI2C                  text21       000ACC
_Init                     text11       0008AC
_LCDCON                   (abs)        000F59
_LCDDATA0                 (abs)        000F60
_LCDPS                    (abs)        000F58
_LCDSE0                   (abs)        000F5A
_LCDSE1                   (abs)        000F5B
_LCDSE2                   (abs)        000F5C
_LCDSE3                   (abs)        000F5D
_MuteHard                 text10       000AF0
_OSCCON                   (abs)        000FD3
_OpenI2C                  text12       000A7C
_PIR1bits                 (abs)        000F9E
_PORTA                    (abs)        000F80
_PORTAbits                (abs)        000F80
_PORTB                    (abs)        000F81
_PORTBbits                (abs)        000F81
_PORTC                    (abs)        000F82
_PORTCbits                (abs)        000F82
_PORTGbits                (abs)        000F86
_ReadI2C                  text22       000A9A
_SSPADD                   (abs)        000FC8
_SSPBUF                   (abs)        000FC9
_SSPCON1                  (abs)        000FC6
_SSPCON1bits              (abs)        000FC6
_SSPCON2                  (abs)        000FC5
_SSPCON2bits              (abs)        000FC5
_SSPSTAT                  (abs)        000FC7
_SSPSTATbits              (abs)        000FC7
_T0CON                    (abs)        000FD5
_T0CONbits                (abs)        000FD5
_TMR0H                    (abs)        000FD7
_TMR0L                    (abs)        000FD6
_TRISA                    (abs)        000F92
_TRISB                    (abs)        000F93
_TRISC                    (abs)        000F94
_TRISCbits                (abs)        000F94
_TRISG                    (abs)        000F98
_VolumeDown               text7        000A5E
_VolumeUp                 text6        000A40
_WriteI2C                 text20       00090C
__CFG_BOREN$OFF           (abs)        000000
__CFG_BORV$3              (abs)        000000
__CFG_CP$OFF              (abs)        000000
__CFG_FCMEN$OFF           (abs)        000000
__CFG_IESO$OFF            (abs)        000000
__CFG_MCLRE$ON            (abs)        000000
__CFG_OSC$INTIO7          (abs)        000000
__CFG_PWRT$OFF            (abs)        000000
__CFG_STVREN$OFF          (abs)        000000
__CFG_WDT$OFF             (abs)        000000
__CFG_XINST$OFF           (abs)        000000
__HRAM                    (abs)        000000
__Habs1                   abs1         000000
__Hbank0                  bank0        000000
__Hbank1                  bank1        000000
__Hbank2                  bank2        000000
__Hbigbss                 bigbss       000000
__Hbigdata                bigdata      000000
__Hbigram                 bigram       000000
__Hbss                    bss          000000
__HbssCOMRAM              bssCOMRAM    000000
__Hcinit                  cinit        000000
__Hclrtext                clrtext      000000
__Hcomram                 comram       000000
__Hconfig                 config       30000A
__Hconst                  const        000000
__HcstackCOMRAM           cstackCOMRAM 000000
__Hdata                   data         000000
__Hend_init               end_init     000004
__Hfarbss                 farbss       000000
__Hfardata                fardata      000000
__Hibigdata               ibigdata     000000
__Hidata                  idata        000000
__Hidloc                  idloc        200008
__Hifardata               ifardata     000000
__Hinit                   init         000000
__Hintcode                intcode      000000
__Hintcode_body           intcode_body 000000
__Hintcodelo              intcodelo    000000
__Hintentry               intentry     000000
__Hintret                 intret       000000
__Hintsave_regs           intsave_regs 000000
__Hirdata                 irdata       000000
__Hmediumconst            mediumconst  000000
__HnvFARRAM               nvFARRAM     000000
__Hnvbit                  nvbit        000000
__Hnvrram                 nvrram       000000
__Hparam                  rparam       000000
__Hpowerup                powerup      000000
__Hram                    ram          000000
__Hramtop                 ramtop       000300
__Hrbit                   rbit         000000
__Hrbss                   rbss         000000
__Hrdata                  rdata        000000
__Hreset_vec              reset_vec    000000
__Hrparam                 rparam       000000
__Hsfr                    sfr          000000
__Hsmallconst             smallconst   00033A
__Hspace_0                (abs)        30000A
__Hspace_1                (abs)        000058
__Hspace_2                (abs)        000000
__Hstack                  stack        000000
__Hstruct                 struct       000000
__Htemp                   temp         000000
__Htext                   text         000000
__Htext0                  text0        000000
__Htext1                  text1        000000
__Htext10                 text10       000000
__Htext11                 text11       000000
__Htext12                 text12       000000
__Htext13                 text13       000000
__Htext14                 text14       000000
__Htext15                 text15       000000
__Htext16                 text16       000000
__Htext17                 text17       000000
__Htext18                 text18       000000
__Htext19                 text19       000000
__Htext2                  text2        000000
__Htext20                 text20       000000
__Htext21                 text21       000000
__Htext22                 text22       000000
__Htext3                  text3        000000
__Htext4                  text4        000000
__Htext5                  text5        000000
__Htext6                  text6        000000
__Htext7                  text7        000000
__Htext8                  text8        000000
__Htext9                  text9        000000
__LRAM                    (abs)        000001
__Labs1                   abs1         000000
__Lbank0                  bank0        000000
__Lbank1                  bank1        000000
__Lbank2                  bank2        000000
__Lbigbss                 bigbss       000000
__Lbigdata                bigdata      000000
__Lbigram                 bigram       000000
__Lbss                    bss          000000
__LbssCOMRAM              bssCOMRAM    000000
__Lcinit                  cinit        000000
__Lclrtext                clrtext      000000
__Lcomram                 comram       000000
__Lconfig                 config       300000
__Lconst                  const        000000
__LcstackCOMRAM           cstackCOMRAM 000000
__Ldata                   data         000000
__Lend_init               end_init     000000
__Lfarbss                 farbss       000000
__Lfardata                fardata      000000
__Libigdata               ibigdata     000000
__Lidata                  idata        000000
__Lidloc                  idloc        200000
__Lifardata               ifardata     000000
__Linit                   init         000000
__Lintcode                intcode      000000
__Lintcode_body           intcode_body 000000
__Lintcodelo              intcodelo    000000
__Lintentry               intentry     000000
__Lintret                 intret       000000
__Lintsave_regs           intsave_regs 000000
__Lirdata                 irdata       000000
__Lmediumconst            mediumconst  000000
__LnvFARRAM               nvFARRAM     000000
__Lnvbit                  nvbit        000000
__Lnvrram                 nvrram       000000
__Lparam                  rparam       000000
__Lpowerup                powerup      000000
__Lram                    ram          000000
__Lramtop                 ramtop       000300
__Lrbit                   rbit         000000
__Lrbss                   rbss         000000
__Lrdata                  rdata        000000
__Lreset_vec              reset_vec    000000
__Lrparam                 rparam       000000
__Lsfr                    sfr          000000
__Lsmallconst             smallconst   000300
__Lspace_0                (abs)        000000
__Lspace_1                (abs)        000000
__Lspace_2                (abs)        000000
__Lstack                  stack        000000
__Lstruct                 struct       000000
__Ltemp                   temp         000000
__Ltext                   text         000000
__Ltext0                  text0        000000
__Ltext1                  text1        000000
__Ltext10                 text10       000000
__Ltext11                 text11       000000
__Ltext12                 text12       000000
__Ltext13                 text13       000000
__Ltext14                 text14       000000
__Ltext15                 text15       000000
__Ltext16                 text16       000000
__Ltext17                 text17       000000
__Ltext18                 text18       000000
__Ltext19                 text19       000000
__Ltext2                  text2        000000
__Ltext20                 text20       000000
__Ltext21                 text21       000000
__Ltext22                 text22       000000
__Ltext3                  text3        000000
__Ltext4                  text4        000000
__Ltext5                  text5        000000
__Ltext6                  text6        000000
__Ltext7                  text7        000000
__Ltext8                  text8        000000
__Ltext9                  text9        000000
__S0                      (abs)        30000A
__S1                      (abs)        000058
__S2                      (abs)        000000
___extmem_base            (abs)        002000
___inthi_sp               stack        000000
___intlo_sp               stack        000000
___param_bank             (abs)        000010
___rparam_used            (abs)        000001
___sp                     stack        000000
__accesstop               (abs)        000060
__activetblptr            (abs)        000002
__end_of_FMfrequenc       text3        0008AC
__end_of_FMinit           text14       00065A
__end_of_FMread           text19       000594
__end_of_FMready          text18       0009B0
__end_of_FMvers           text13       000AEE
__end_of_FMwrite          text17       00083A
__end_of_IdleI2C          text21       000ADE
__end_of_Init             text11       00090C
__end_of_MuteHard         text10       000AF2
__end_of_OpenI2C          text12       000A9A
__end_of_ReadI2C          text22       000AB6
__end_of_VolumeDown       text7        000A7C
__end_of_VolumeUp         text6        000A5E
__end_of_WriteI2C         text20       00096A
__end_of__initialization  cinit        000AC2
__end_of_butnEvent        text5        0004CA
__end_of_delay_10ms       text9        000A04
__end_of_dly              text16       0009E2
__end_of_errfm            text4        000AF0
__end_of_main             text0        0007B8
__end_of_nextChannel      text2        000A40
__end_of_previousChannel  text1        000A22
__end_of_regDflt          smallconst   000325
__end_of_setVolume        text8        000712
__end_of_showFreq         text15       000AF4
__end_ofsetVolume@F6665   smallconst   000338
__initialization          cinit        000AB6
__mediumconst             mediumconst  000000
__pbssCOMRAM              bssCOMRAM    000034
__pcinit                  cinit        000AB6
__pcstackCOMRAM           cstackCOMRAM 000001
__psmallconst             smallconst   000300
__ptext0                  text0        000712
__ptext1                  text1        000A04
__ptext10                 text10       000AF0
__ptext11                 text11       0008AC
__ptext12                 text12       000A7C
__ptext13                 text13       000ADE
__ptext14                 text14       000594
__ptext15                 text15       000AF2
__ptext16                 text16       0009B0
__ptext17                 text17       0007B8
__ptext18                 text18       00096A
__ptext19                 text19       0004CA
__ptext2                  text2        000A22
__ptext20                 text20       00090C
__ptext21                 text21       000ACC
__ptext22                 text22       000A9A
__ptext3                  text3        00083A
__ptext4                  text4        000AEE
__ptext5                  text5        00033A
__ptext6                  text6        000A40
__ptext7                  text7        000A5E
__ptext8                  text8        00065A
__ptext9                  text9        0009E2
__ramtop                  ramtop       000300
__size_of_FMfrequenc      (abs)        000000
__size_of_FMinit          (abs)        000000
__size_of_FMread          (abs)        000000
__size_of_FMready         (abs)        000000
__size_of_FMvers          (abs)        000000
__size_of_FMwrite         (abs)        000000
__size_of_IdleI2C         (abs)        000000
__size_of_Init            (abs)        000000
__size_of_MuteHard        (abs)        000000
__size_of_OpenI2C         (abs)        000000
__size_of_ReadI2C         (abs)        000000
__size_of_VolumeDown      (abs)        000000
__size_of_VolumeUp        (abs)        000000
__size_of_WriteI2C        (abs)        000000
__size_of_butnEvent       (abs)        000000
__size_of_delay_10ms      (abs)        000000
__size_of_dly             (abs)        000000
__size_of_errfm           (abs)        000000
__size_of_main            (abs)        000000
__size_of_nextChannel     (abs)        000000
__size_of_previousChannel (abs)        000000
__size_of_setVolume       (abs)        000000
__size_of_showFreq        (abs)        000000
__smallconst              smallconst   000300
_butnEvent                text5        00033A
_delay_10ms               text9        0009E2
_dly                      text16       0009B0
_errfm                    text4        000AEE
_main                     text0        000712
_nextChannel              text2        000A22
_previousChannel          text1        000A04
_regDflt                  smallconst   000301
_regImg                   bssCOMRAM    000034
_setVolume                text8        00065A
_showFreq                 text15       000AF2
butnEvent@c               cstackCOMRAM 000004
butnEvent@c_499           cstackCOMRAM 000006
butnEvent@c_508           cstackCOMRAM 000008
butnEvent@c_509           cstackCOMRAM 00000A
butnEvent@c_516           cstackCOMRAM 00000C
delay_10ms@n              cstackCOMRAM 000001
dly@d                     cstackCOMRAM 000001
dly@i                     cstackCOMRAM 000003
end_of_initialization     cinit        000AC2
intlevel0                 text         000000
intlevel1                 text         000000
intlevel2                 text         000000
intlevel3                 text         000000
main@evt                  cstackCOMRAM 000030
main@ui                   cstackCOMRAM 000032
setVolume@F6665           smallconst   000325
setVolume@dat             cstackCOMRAM 00002A
setVolume@temp_vol        cstackCOMRAM 00002D
setVolume@volume          cstackCOMRAM 000012
setVolume@volume_map      cstackCOMRAM 000017
setVolume@volume_setting  cstackCOMRAM 00002C
stackhi                   (abs)        0002FF
stacklo                   (abs)        000060
start                     init         000000
start_initialization      cinit        000AB6


FUNCTION INFORMATION:

 *************** function _main *****************
 Defined at:
		line 569 in file "main.c"
 Parameters:    Size  Location     Type
		None
 Auto vars:     Size  Location     Type
  ui              2   49[COMRAM] unsigned int 
  evt             2   47[COMRAM] int 
 Return value:  Size  Location     Type
                  1    wreg      void 
 Registers used:
		wreg, fsr2l, fsr2h, status,2, status,0, tblptrl, tblptrh, tblptru, prodl, prodh, cstack
 Tracked objects:
		On entry : 
		On exit  : 
		Unchanged: 
 Data sizes:     COMRAM   BANK0   BANK1   BANK2
      Params:         0       0       0       0
      Locals:         4       0       0       0
      Temps:          2       0       0       0
      Totals:         6       0       0       0
Total ram usage:        6 bytes
 Hardware stack levels required when called:    6
 This function calls:
		_FMinit
		_FMvers
		_Init
		_MuteHard
		_VolumeDown
		_VolumeUp
		_butnEvent
		_dly
		_errfm
		_nextChannel
		_previousChannel
 This function is called by:
		Startup code after reset
 This function uses a non-reentrant model


 *************** function _previousChannel *****************
 Defined at:
		line 500 in file "main.c"
 Parameters:    Size  Location     Type
		None
 Auto vars:     Size  Location     Type
		None
 Return value:  Size  Location     Type
                  1    wreg      unsigned char 
 Registers used:
		wreg, fsr2l, fsr2h, status,2, status,0, prodl, prodh, cstack
 Tracked objects:
		On entry : 
		On exit  : 
		Unchanged: 
 Data sizes:     COMRAM   BANK0   BANK1   BANK2
      Params:         0       0       0       0
      Locals:         0       0       0       0
      Temps:          0       0       0       0
      Totals:         0       0       0       0
Total ram usage:        0 bytes
 Hardware stack levels used:    1
 Hardware stack levels required when called:    5
 This function calls:
		_FMfrequenc
		_delay_10ms
 This function is called by:
		_main
 This function uses a non-reentrant model


 *************** function _nextChannel *****************
 Defined at:
		line 490 in file "main.c"
 Parameters:    Size  Location     Type
		None
 Auto vars:     Size  Location     Type
		None
 Return value:  Size  Location     Type
                  1    wreg      unsigned char 
 Registers used:
		wreg, fsr2l, fsr2h, status,2, status,0, prodl, prodh, cstack
 Tracked objects:
		On entry : 
		On exit  : 
		Unchanged: 
 Data sizes:     COMRAM   BANK0   BANK1   BANK2
      Params:         0       0       0       0
      Locals:         0       0       0       0
      Temps:          0       0       0       0
      Totals:         0       0       0       0
Total ram usage:        0 bytes
 Hardware stack levels used:    1
 Hardware stack levels required when called:    5
 This function calls:
		_FMfrequenc
		_delay_10ms
 This function is called by:
		_main
 This function uses a non-reentrant model


 *************** function _FMfrequenc *****************
 Defined at:
		line 425 in file "main.c"
 Parameters:    Size  Location     Type
  f               2   17[COMRAM] unsigned int 
 Auto vars:     Size  Location     Type
  dat             2   25[COMRAM] unsigned int 
  cn              2   23[COMRAM] unsigned int 
 Return value:  Size  Location     Type
                  1    wreg      unsigned char 
 Registers used:
		wreg, fsr2l, fsr2h, status,2, status,0, prodl, prodh, cstack
 Tracked objects:
		On entry : 
		On exit  : 
		Unchanged: 
 Data sizes:     COMRAM   BANK0   BANK1   BANK2
      Params:         2       0       0       0
      Locals:         4       0       0       0
      Temps:          4       0       0       0
      Totals:        10       0       0       0
Total ram usage:       10 bytes
 Hardware stack levels used:    1
 Hardware stack levels required when called:    4
 This function calls:
		_FMready
		_FMwrite
		_dly
 This function is called by:
		_nextChannel
		_previousChannel
 This function uses a non-reentrant model


 *************** function _errfm *****************
 Defined at:
		line 544 in file "main.c"
 Parameters:    Size  Location     Type
		None
 Auto vars:     Size  Location     Type
		None
 Return value:  Size  Location     Type
                  1    wreg      void 
 Registers used:
		None
 Tracked objects:
		On entry : 
		On exit  : 
		Unchanged: 
 Data sizes:     COMRAM   BANK0   BANK1   BANK2
      Params:         0       0       0       0
      Locals:         0       0       0       0
      Temps:          0       0       0       0
      Totals:         0       0       0       0
Total ram usage:        0 bytes
 Hardware stack levels used:    1
 This function calls:
		Nothing
 This function is called by:
		_main
 This function uses a non-reentrant model


 *************** function _butnEvent *****************
 Defined at:
		line 78 in file "main.c"
 Parameters:    Size  Location     Type
		None
 Auto vars:     Size  Location     Type
  c               2   11[COMRAM] int 
  c               2    9[COMRAM] int 
  c               2    7[COMRAM] int 
  c               2    5[COMRAM] int 
  c               2    3[COMRAM] int 
 Return value:  Size  Location     Type
                  2    0[COMRAM] int 
 Registers used:
		wreg, status,2, status,0
 Tracked objects:
		On entry : 
		On exit  : 
		Unchanged: 
 Data sizes:     COMRAM   BANK0   BANK1   BANK2
      Params:         2       0       0       0
      Locals:        10       0       0       0
      Temps:          1       0       0       0
      Totals:        13       0       0       0
Total ram usage:       13 bytes
 Hardware stack levels used:    1
 This function calls:
		Nothing
 This function is called by:
		_main
 This function uses a non-reentrant model


 *************** function _VolumeUp *****************
 Defined at:
		line 509 in file "main.c"
 Parameters:    Size  Location     Type
		None
 Auto vars:     Size  Location     Type
		None
 Return value:  Size  Location     Type
                  1    wreg      unsigned char 
 Registers used:
		wreg, fsr2l, fsr2h, status,2, status,0, tblptrl, tblptrh, tblptru, prodl, prodh, cstack
 Tracked objects:
		On entry : 
		On exit  : 
		Unchanged: 
 Data sizes:     COMRAM   BANK0   BANK1   BANK2
      Params:         0       0       0       0
      Locals:         0       0       0       0
      Temps:          0       0       0       0
      Totals:         0       0       0       0
Total ram usage:        0 bytes
 Hardware stack levels used:    1
 Hardware stack levels required when called:    5
 This function calls:
		_delay_10ms
		_setVolume
 This function is called by:
		_main
 This function uses a non-reentrant model


 *************** function _VolumeDown *****************
 Defined at:
		line 518 in file "main.c"
 Parameters:    Size  Location     Type
		None
 Auto vars:     Size  Location     Type
		None
 Return value:  Size  Location     Type
                  1    wreg      unsigned char 
 Registers used:
		wreg, fsr2l, fsr2h, status,2, status,0, tblptrl, tblptrh, tblptru, prodl, prodh, cstack
 Tracked objects:
		On entry : 
		On exit  : 
		Unchanged: 
 Data sizes:     COMRAM   BANK0   BANK1   BANK2
      Params:         0       0       0       0
      Locals:         0       0       0       0
      Temps:          0       0       0       0
      Totals:         0       0       0       0
Total ram usage:        0 bytes
 Hardware stack levels used:    1
 Hardware stack levels required when called:    5
 This function calls:
		_delay_10ms
		_setVolume
 This function is called by:
		_main
 This function uses a non-reentrant model


 *************** function _setVolume *****************
 Defined at:
		line 387 in file "main.c"
 Parameters:    Size  Location     Type
  volume          2   17[COMRAM] int 
 Auto vars:     Size  Location     Type
  volume_map     19   22[COMRAM] const unsigned char [19]
  dat             2   41[COMRAM] unsigned int 
  cn              2    0        unsigned int 
  temp_vol        1   44[COMRAM] unsigned char 
  volume_setti    1   43[COMRAM] unsigned char 
 Return value:  Size  Location     Type
                  1    wreg      unsigned char 
 Registers used:
		wreg, fsr2l, fsr2h, status,2, status,0, tblptrl, tblptrh, tblptru, prodl, prodh, cstack
 Tracked objects:
		On entry : 
		On exit  : 
		Unchanged: 
 Data sizes:     COMRAM   BANK0   BANK1   BANK2
      Params:         2       0       0       0
      Locals:        23       0       0       0
      Temps:          3       0       0       0
      Totals:        28       0       0       0
Total ram usage:       28 bytes
 Hardware stack levels used:    1
 Hardware stack levels required when called:    4
 This function calls:
		_FMready
		_FMwrite
		_dly
 This function is called by:
		_VolumeUp
		_VolumeDown
 This function uses a non-reentrant model


 *************** function _delay_10ms *****************
 Defined at:
		line 603 in file "main.c"
 Parameters:    Size  Location     Type
  n               2    0[COMRAM] unsigned int 
 Auto vars:     Size  Location     Type
		None
 Return value:  Size  Location     Type
                  1    wreg      void 
 Registers used:
		wreg, status,2, status,0
 Tracked objects:
		On entry : 
		On exit  : 
		Unchanged: 
 Data sizes:     COMRAM   BANK0   BANK1   BANK2
      Params:         2       0       0       0
      Locals:         0       0       0       0
      Temps:          1       0       0       0
      Totals:         3       0       0       0
Total ram usage:        3 bytes
 Hardware stack levels used:    1
 This function calls:
		Nothing
 This function is called by:
		_nextChannel
		_previousChannel
		_VolumeUp
		_VolumeDown
 This function uses a non-reentrant model


 *************** function _MuteHard *****************
 Defined at:
		line 527 in file "main.c"
 Parameters:    Size  Location     Type
  down            1    wreg     unsigned char 
 Auto vars:     Size  Location     Type
  down            1    0[COMRAM] unsigned char 
 Return value:  Size  Location     Type
                  1    wreg      unsigned char 
 Registers used:
		wreg
 Tracked objects:
		On entry : 
		On exit  : 
		Unchanged: 
 Data sizes:     COMRAM   BANK0   BANK1   BANK2
      Params:         0       0       0       0
      Locals:         0       0       0       0
      Temps:          0       0       0       0
      Totals:         0       0       0       0
Total ram usage:        0 bytes
 Hardware stack levels used:    1
 This function calls:
		Nothing
 This function is called by:
		_main
 This function uses a non-reentrant model


 *************** function _Init *****************
 Defined at:
		line 173 in file "main.c"
 Parameters:    Size  Location     Type
		None
 Auto vars:     Size  Location     Type
  i               2    0        int 
 Return value:  Size  Location     Type
                  1    wreg      void 
 Registers used:
		wreg, status,2, status,0, cstack
 Tracked objects:
		On entry : 
		On exit  : 
		Unchanged: 
 Data sizes:     COMRAM   BANK0   BANK1   BANK2
      Params:         0       0       0       0
      Locals:         0       0       0       0
      Temps:          0       0       0       0
      Totals:         0       0       0       0
Total ram usage:        0 bytes
 Hardware stack levels used:    1
 Hardware stack levels required when called:    1
 This function calls:
		_OpenI2C
 This function is called by:
		_main
 This function uses a non-reentrant model


 *************** function _OpenI2C *****************
 Defined at:
		line 14 in file "C:\Program Files (x86)\Microchip\xc8\v1.38\sources\pic18\plib\i2c\i2c_open.c"
 Parameters:    Size  Location     Type
  sync_mode       1    wreg     unsigned char 
  slew            1    0[COMRAM] unsigned char 
 Auto vars:     Size  Location     Type
  sync_mode       1    1[COMRAM] unsigned char 
 Return value:  Size  Location     Type
                  1    wreg      void 
 Registers used:
		wreg, status,2, status,0
 Tracked objects:
		On entry : 
		On exit  : 
		Unchanged: 
 Data sizes:     COMRAM   BANK0   BANK1   BANK2
      Params:         1       0       0       0
      Locals:         1       0       0       0
      Temps:          0       0       0       0
      Totals:         2       0       0       0
Total ram usage:        2 bytes
 Hardware stack levels used:    1
 This function calls:
		Nothing
 This function is called by:
		_Init
 This function uses a non-reentrant model


 *************** function _FMvers *****************
 Defined at:
		line 457 in file "main.c"
 Parameters:    Size  Location     Type
  vsn             2   11[COMRAM] PTR unsigned int 
		 -> main@ui(2), 
 Auto vars:     Size  Location     Type
		None
 Return value:  Size  Location     Type
                  1    wreg      unsigned char 
 Registers used:
		wreg, fsr2l, fsr2h, status,2, status,0, cstack
 Tracked objects:
		On entry : 
		On exit  : 
		Unchanged: 
 Data sizes:     COMRAM   BANK0   BANK1   BANK2
      Params:         2       0       0       0
      Locals:         0       0       0       0
      Temps:          0       0       0       0
      Totals:         2       0       0       0
Total ram usage:        2 bytes
 Hardware stack levels used:    1
 Hardware stack levels required when called:    3
 This function calls:
		_FMread
 This function is called by:
		_main
 This function uses a non-reentrant model


 *************** function _FMinit *****************
 Defined at:
		line 351 in file "main.c"
 Parameters:    Size  Location     Type
		None
 Auto vars:     Size  Location     Type
  dat             2   17[COMRAM] unsigned int 
  ad              1   19[COMRAM] unsigned char 
 Return value:  Size  Location     Type
                  1    wreg      unsigned char 
 Registers used:
		wreg, fsr2l, fsr2h, status,2, status,0, tblptrl, tblptrh, tblptru, prodl, prodh, cstack
 Tracked objects:
		On entry : 
		On exit  : 
		Unchanged: 
 Data sizes:     COMRAM   BANK0   BANK1   BANK2
      Params:         0       0       0       0
      Locals:         3       0       0       0
      Temps:          0       0       0       0
      Totals:         3       0       0       0
Total ram usage:        3 bytes
 Hardware stack levels used:    1
 Hardware stack levels required when called:    4
 This function calls:
		_FMready
		_FMwrite
		_dly
		_showFreq
 This function is called by:
		_main
 This function uses a non-reentrant model


 *************** function _showFreq *****************
 Defined at:
		line 560 in file "main.c"
 Parameters:    Size  Location     Type
		None
 Auto vars:     Size  Location     Type
		None
 Return value:  Size  Location     Type
                  1    wreg      unsigned char 
 Registers used:
		None
 Tracked objects:
		On entry : 
		On exit  : 
		Unchanged: 
 Data sizes:     COMRAM   BANK0   BANK1   BANK2
      Params:         0       0       0       0
      Locals:         0       0       0       0
      Temps:          0       0       0       0
      Totals:         0       0       0       0
Total ram usage:        0 bytes
 Hardware stack levels used:    1
 This function calls:
		Nothing
 This function is called by:
		_FMinit
 This function uses a non-reentrant model


 *************** function _dly *****************
 Defined at:
		line 142 in file "main.c"
 Parameters:    Size  Location     Type
  d               2    0[COMRAM] int 
 Auto vars:     Size  Location     Type
  i               2    2[COMRAM] int 
 Return value:  Size  Location     Type
                  1    wreg      void 
 Registers used:
		wreg, status,2, status,0
 Tracked objects:
		On entry : 
		On exit  : 
		Unchanged: 
 Data sizes:     COMRAM   BANK0   BANK1   BANK2
      Params:         2       0       0       0
      Locals:         2       0       0       0
      Temps:          0       0       0       0
      Totals:         4       0       0       0
Total ram usage:        4 bytes
 Hardware stack levels used:    1
 This function calls:
		Nothing
 This function is called by:
		_FMinit
		_setVolume
		_FMfrequenc
		_main
 This function uses a non-reentrant model


 *************** function _FMwrite *****************
 Defined at:
		line 241 in file "main.c"
 Parameters:    Size  Location     Type
  adr             1    wreg     unsigned char 
 Auto vars:     Size  Location     Type
  adr             1    6[COMRAM] unsigned char 
  regstr          2    0        unsigned int 
  secndByt        1    5[COMRAM] unsigned char 
  firstByt        1    4[COMRAM] unsigned char 
  rpy             1    0        unsigned char 
 Return value:  Size  Location     Type
                  1    wreg      unsigned char 
 Registers used:
		wreg, fsr2l, fsr2h, status,2, status,0, prodl, prodh, cstack
 Tracked objects:
		On entry : 
		On exit  : 
		Unchanged: 
 Data sizes:     COMRAM   BANK0   BANK1   BANK2
      Params:         0       0       0       0
      Locals:         3       0       0       0
      Temps:          2       0       0       0
      Totals:         5       0       0       0
Total ram usage:        5 bytes
 Hardware stack levels used:    1
 Hardware stack levels required when called:    2
 This function calls:
		_IdleI2C
		_WriteI2C
 This function is called by:
		_FMinit
		_setVolume
		_FMfrequenc
 This function uses a non-reentrant model


 *************** function _FMready *****************
 Defined at:
		line 331 in file "main.c"
 Parameters:    Size  Location     Type
  rdy             2   11[COMRAM] PTR unsigned int 
		 -> FMfrequenc@dat(2), setVolume@dat(2), FMinit@dat(2), 
 Auto vars:     Size  Location     Type
  sts             2   15[COMRAM] unsigned int 
 Return value:  Size  Location     Type
                  1    wreg      unsigned char 
 Registers used:
		wreg, fsr2l, fsr2h, status,2, status,0, cstack
 Tracked objects:
		On entry : 
		On exit  : 
		Unchanged: 
 Data sizes:     COMRAM   BANK0   BANK1   BANK2
      Params:         2       0       0       0
      Locals:         2       0       0       0
      Temps:          2       0       0       0
      Totals:         6       0       0       0
Total ram usage:        6 bytes
 Hardware stack levels used:    1
 Hardware stack levels required when called:    3
 This function calls:
		_FMread
 This function is called by:
		_FMinit
		_setVolume
		_FMfrequenc
 This function uses a non-reentrant model


 *************** function _FMread *****************
 Defined at:
		line 283 in file "main.c"
 Parameters:    Size  Location     Type
  regAddr         1    wreg     unsigned char 
  data            2    2[COMRAM] PTR unsigned int 
		 -> main@ui(2), FMready@sts(2), 
 Auto vars:     Size  Location     Type
  regAddr         1    8[COMRAM] unsigned char 
  secndByt        1   10[COMRAM] unsigned char 
  firstByt        1    9[COMRAM] unsigned char 
 Return value:  Size  Location     Type
                  1    wreg      unsigned char 
 Registers used:
		wreg, fsr2l, fsr2h, status,2, status,0, cstack
 Tracked objects:
		On entry : 
		On exit  : 
		Unchanged: 
 Data sizes:     COMRAM   BANK0   BANK1   BANK2
      Params:         2       0       0       0
      Locals:         3       0       0       0
      Temps:          4       0       0       0
      Totals:         9       0       0       0
Total ram usage:        9 bytes
 Hardware stack levels used:    1
 Hardware stack levels required when called:    2
 This function calls:
		_IdleI2C
		_ReadI2C
		_WriteI2C
 This function is called by:
		_FMready
		_FMvers
		_FMid
 This function uses a non-reentrant model


 *************** function _WriteI2C *****************
 Defined at:
		line 12 in file "C:\Program Files (x86)\Microchip\xc8\v1.38\sources\pic18\plib\i2c\i2c_writ.c"
 Parameters:    Size  Location     Type
  data_out        1    wreg     unsigned char 
 Auto vars:     Size  Location     Type
  data_out        1    1[COMRAM] unsigned char 
 Return value:  Size  Location     Type
                  1    wreg      char 
 Registers used:
		wreg, status,2, status,0, cstack
 Tracked objects:
		On entry : 
		On exit  : 
		Unchanged: 
 Data sizes:     COMRAM   BANK0   BANK1   BANK2
      Params:         0       0       0       0
      Locals:         1       0       0       0
      Temps:          0       0       0       0
      Totals:         1       0       0       0
Total ram usage:        1 bytes
 Hardware stack levels used:    1
 Hardware stack levels required when called:    1
 This function calls:
		_IdleI2C
 This function is called by:
		_FMwrite
		_FMread
 This function uses a non-reentrant model


 *************** function _IdleI2C *****************
 Defined at:
		line 24 in file "C:\Program Files (x86)\Microchip\xc8\v1.38\sources\pic18\plib\i2c\i2c_idle.c"
 Parameters:    Size  Location     Type
		None
 Auto vars:     Size  Location     Type
		None
 Return value:  Size  Location     Type
                  1    wreg      void 
 Registers used:
		wreg, status,2, status,0
 Tracked objects:
		On entry : 
		On exit  : 
		Unchanged: 
 Data sizes:     COMRAM   BANK0   BANK1   BANK2
      Params:         0       0       0       0
      Locals:         0       0       0       0
      Temps:          1       0       0       0
      Totals:         1       0       0       0
Total ram usage:        1 bytes
 Hardware stack levels used:    1
 This function calls:
		Nothing
 This function is called by:
		_FMwrite
		_FMread
		_WriteI2C
 This function uses a non-reentrant model


 *************** function _ReadI2C *****************
 Defined at:
		line 11 in file "C:\Program Files (x86)\Microchip\xc8\v1.38\sources\pic18\plib\i2c\i2c_read.c"
 Parameters:    Size  Location     Type
		None
 Auto vars:     Size  Location     Type
		None
 Return value:  Size  Location     Type
                  1    wreg      unsigned char 
 Registers used:
		wreg, status,2, status,0
 Tracked objects:
		On entry : 
		On exit  : 
		Unchanged: 
 Data sizes:     COMRAM   BANK0   BANK1   BANK2
      Params:         0       0       0       0
      Locals:         0       0       0       0
      Temps:          0       0       0       0
      Totals:         0       0       0       0
Total ram usage:        0 bytes
 Hardware stack levels used:    1
 This function calls:
		Nothing
 This function is called by:
		_FMread
 This function uses a non-reentrant model



MODULE INFORMATION

Module		Function		Class		Link	Load	Size
C:\Program Files (x86)\Microchip\xc8\v1.38\sources\pic18\plib\i2c\i2c_open.c
		_OpenI2C       		CODE           	0A7C	0000	31

C:\Program Files (x86)\Microchip\xc8\v1.38\sources\pic18\plib\i2c\i2c_open.c estimated size: 31

C:\Program Files (x86)\Microchip\xc8\v1.38\sources\pic18\plib\i2c\i2c_writ.c
		_WriteI2C      		CODE           	090C	0000	95

C:\Program Files (x86)\Microchip\xc8\v1.38\sources\pic18\plib\i2c\i2c_writ.c estimated size: 95

shared
		_regDflt       		SMALLCONST     	0301	0000	37
		__initialization		CODE           	0AB6	0000	13
		setVolume@F6665		SMALLCONST     	0325	0000	20

shared estimated size: 70

C:\Program Files (x86)\Microchip\xc8\v1.38\sources\pic18\plib\i2c\i2c_read.c
		_ReadI2C       		CODE           	0A9A	0000	29

C:\Program Files (x86)\Microchip\xc8\v1.38\sources\pic18\plib\i2c\i2c_read.c estimated size: 29

C:\Program Files (x86)\Microchip\xc8\v1.38\sources\pic18\plib\i2c\i2c_idle.c
		_IdleI2C       		CODE           	0ACC	0000	19

C:\Program Files (x86)\Microchip\xc8\v1.38\sources\pic18\plib\i2c\i2c_idle.c estimated size: 19

main.c
		_errfm         		CODE           	0AEE	0000	3
		_butnEvent     		CODE           	033A	0000	401
		_VolumeUp      		CODE           	0A40	0000	31
		_FMread        		CODE           	04CA	0000	203
		_MuteHard      		CODE           	0AF0	0000	3
		_showFreq      		CODE           	0AF2	0000	3
		_main          		CODE           	0712	0000	167
		_VolumeDown    		CODE           	0A5E	0000	31
		_FMready       		CODE           	096A	0000	71
		_FMvers        		CODE           	0ADE	0000	17
		_FMinit        		CODE           	0594	0000	199
		_FMfrequenc    		CODE           	083A	0000	115
		_delay_10ms    		CODE           	09E2	0000	35
		_previousChannel		CODE           	0A04	0000	31
		_setVolume     		CODE           	065A	0000	185
		_nextChannel   		CODE           	0A22	0000	31
		_dly           		CODE           	09B0	0000	51
		_Init          		CODE           	08AC	0000	97
		_FMwrite       		CODE           	07B8	0000	131

main.c estimated size: 1805

